  openjdk version "17.0.19" 2026-04-21 LTS
  OpenJDK Runtime Environment Corretto-17.0.19.10.1 (build 17.0.19+10-LTS)
  OpenJDK 64-Bit Server VM Corretto-17.0.19.10.1 (build 17.0.19+10-LTS, mixed mode, sharing)
######## g1/contention/space512/24t : -Xmx1g -Xms1g -XX:CompressedClassSpaceSize=512m -XX:MaxMetaspaceSize=1g -XX:+UseG1GC -XX:+ParallelRefProcEnabled -Dmt.durationSec=300 -Dmt.threads=24 -Dmt.probeCThreads=24 -Dmt.probeCSpace=512 ########
MethodType intern stress: G1 Young Generation+G1 Old Generation | 17.0.19+10-LTS
threads=24 decoy=12 pinned=1024 duration=300s probeB=true gcThread=true sysgcMs=0
[   5s] probeA=2,894,216 (+576,940/s) probeC=1,509,723 (+300,952/s) link=403 (+80/s) decoys=1,111,357 | gc=7 collections / 145ms
[  11s] probeA=14,757,816 (+2,226,558/s) probeC=9,846,645 (+1,564,671/s) link=902 (+94/s) decoys=3,912,952 | gc=18 collections / 573ms
[  16s] probeA=28,246,797 (+2,683,878/s) probeC=20,134,548 (+2,046,965/s) link=1,688 (+156/s) decoys=6,324,092 | gc=34 collections / 1227ms
[  21s] probeA=48,434,054 (+3,982,187/s) probeC=34,470,412 (+2,827,927/s) link=2,443 (+149/s) decoys=8,793,918 | gc=51 collections / 1844ms
[  26s] probeA=67,014,877 (+3,701,456/s) probeC=48,904,163 (+2,875,325/s) link=2,889 (+89/s) decoys=11,263,070 | gc=65 collections / 2528ms
[  31s] probeA=86,781,791 (+3,897,573/s) probeC=61,607,715 (+2,504,843/s) link=3,767 (+173/s) decoys=13,351,828 | gc=82 collections / 3246ms
[  36s] probeA=104,795,038 (+3,585,213/s) probeC=75,197,921 (+2,704,886/s) link=4,486 (+143/s) decoys=15,611,269 | gc=99 collections / 3919ms
[  41s] probeA=122,467,238 (+3,524,864/s) probeC=88,182,278 (+2,589,836/s) link=5,164 (+135/s) decoys=17,454,357 | gc=113 collections / 4684ms
[  46s] probeA=140,487,042 (+3,582,250/s) probeC=100,521,509 (+2,452,980/s) link=5,862 (+139/s) decoys=19,168,487 | gc=128 collections / 5528ms
[  51s] probeA=154,755,064 (+2,848,490/s) probeC=110,852,347 (+2,062,465/s) link=6,314 (+90/s) decoys=21,038,380 | gc=141 collections / 6347ms
[  56s] probeA=174,385,734 (+3,912,022/s) probeC=122,800,404 (+2,381,023/s) link=7,172 (+171/s) decoys=23,386,668 | gc=155 collections / 6977ms
[  61s] probeA=195,928,691 (+4,302,024/s) probeC=136,188,243 (+2,673,487/s) link=7,950 (+155/s) decoys=25,630,211 | gc=169 collections / 7596ms
[  66s] probeA=214,858,757 (+3,763,545/s) probeC=147,574,411 (+2,263,719/s) link=8,637 (+137/s) decoys=27,704,381 | gc=187 collections / 8438ms
[  71s] probeA=235,314,452 (+4,064,330/s) probeC=160,868,310 (+2,641,357/s) link=9,443 (+160/s) decoys=30,684,237 | gc=205 collections / 9034ms
[  76s] probeA=251,455,363 (+3,219,508/s) probeC=171,552,835 (+2,131,163/s) link=10,084 (+128/s) decoys=32,643,916 | gc=222 collections / 9747ms
[  81s] probeA=269,791,216 (+3,661,314/s) probeC=183,190,807 (+2,323,877/s) link=10,835 (+150/s) decoys=34,594,650 | gc=239 collections / 10796ms
[  86s] probeA=291,006,634 (+4,241,373/s) probeC=196,742,003 (+2,709,147/s) link=11,474 (+128/s) decoys=36,921,460 | gc=256 collections / 11615ms
[  91s] probeA=309,032,998 (+3,597,376/s) probeC=210,630,377 (+2,771,590/s) link=12,514 (+208/s) decoys=38,914,688 | gc=272 collections / 12465ms
[  96s] probeA=329,326,563 (+4,047,888/s) probeC=224,117,884 (+2,690,307/s) link=13,287 (+154/s) decoys=41,382,615 | gc=289 collections / 13144ms
[ 101s] probeA=347,861,474 (+3,699,829/s) probeC=236,524,862 (+2,476,607/s) link=14,286 (+199/s) decoys=43,520,153 | gc=304 collections / 13947ms
[ 106s] probeA=366,996,859 (+3,807,285/s) probeC=250,302,119 (+2,741,201/s) link=15,022 (+146/s) decoys=45,496,935 | gc=320 collections / 14845ms
[ 111s] probeA=385,851,343 (+3,757,382/s) probeC=263,177,010 (+2,565,750/s) link=16,119 (+219/s) decoys=47,811,985 | gc=336 collections / 15636ms
[ 116s] probeA=406,428,701 (+4,114,060/s) probeC=277,850,737 (+2,933,739/s) link=16,899 (+156/s) decoys=49,573,215 | gc=351 collections / 16386ms
[ 121s] probeA=423,786,861 (+3,442,126/s) probeC=288,945,859 (+2,200,165/s) link=17,481 (+115/s) decoys=50,798,315 | gc=367 collections / 17511ms
[ 126s] probeA=445,721,390 (+4,346,913/s) probeC=303,149,738 (+2,814,878/s) link=18,104 (+123/s) decoys=53,386,972 | gc=383 collections / 18378ms
[ 131s] probeA=463,470,901 (+3,528,442/s) probeC=316,483,086 (+2,650,549/s) link=19,374 (+252/s) decoys=54,811,575 | gc=403 collections / 19243ms
[ 136s] probeA=481,610,152 (+3,604,508/s) probeC=329,611,244 (+2,608,738/s) link=20,344 (+193/s) decoys=57,030,377 | gc=419 collections / 20000ms
[ 141s] probeA=501,480,685 (+3,954,622/s) probeC=343,149,606 (+2,694,397/s) link=21,295 (+189/s) decoys=59,260,226 | gc=436 collections / 20880ms
[ 146s] probeA=517,394,650 (+3,179,619/s) probeC=355,445,845 (+2,456,795/s) link=22,320 (+205/s) decoys=60,964,096 | gc=454 collections / 21642ms
[ 151s] probeA=531,720,258 (+2,835,585/s) probeC=363,684,033 (+1,630,652/s) link=22,786 (+92/s) decoys=63,001,187 | gc=466 collections / 22240ms
[ 156s] probeA=545,243,500 (+2,703,492/s) probeC=372,984,218 (+1,859,242/s) link=23,245 (+92/s) decoys=64,882,320 | gc=479 collections / 23027ms
[ 161s] probeA=559,948,426 (+2,914,289/s) probeC=383,180,531 (+2,020,751/s) link=24,007 (+151/s) decoys=67,609,104 | gc=492 collections / 23591ms
[ 166s] probeA=575,107,073 (+3,001,575/s) probeC=394,363,289 (+2,214,306/s) link=24,660 (+129/s) decoys=69,341,452 | gc=506 collections / 24300ms
[ 171s] probeA=588,540,187 (+2,681,502/s) probeC=403,397,836 (+1,803,466/s) link=25,295 (+127/s) decoys=70,814,556 | gc=520 collections / 24996ms
[ 176s] probeA=604,290,839 (+3,145,023/s) probeC=413,040,771 (+1,925,460/s) link=25,761 (+93/s) decoys=72,541,463 | gc=536 collections / 25799ms
[ 181s] probeA=617,260,183 (+2,585,547/s) probeC=424,410,091 (+2,266,569/s) link=26,481 (+144/s) decoys=74,709,376 | gc=550 collections / 26629ms
[ 186s] probeA=636,603,660 (+3,867,025/s) probeC=439,084,812 (+2,933,677/s) link=27,708 (+245/s) decoys=76,616,870 | gc=565 collections / 27391ms
[ 191s] probeA=656,197,793 (+3,888,500/s) probeC=450,638,638 (+2,292,883/s) link=28,163 (+90/s) decoys=78,157,227 | gc=582 collections / 28236ms
[ 197s] probeA=673,167,643 (+3,358,484/s) probeC=465,028,395 (+2,847,861/s) link=29,128 (+191/s) decoys=80,301,887 | gc=599 collections / 28973ms
[ 202s] probeA=688,323,934 (+3,007,800/s) probeC=473,903,417 (+1,761,268/s) link=29,818 (+137/s) decoys=81,267,180 | gc=614 collections / 29978ms
[ 207s] probeA=703,336,438 (+2,984,474/s) probeC=484,213,078 (+2,049,553/s) link=30,554 (+146/s) decoys=83,021,663 | gc=630 collections / 30868ms
[ 212s] probeA=717,864,930 (+2,895,946/s) probeC=495,200,275 (+2,190,064/s) link=31,171 (+123/s) decoys=85,545,796 | gc=643 collections / 31692ms
[ 217s] probeA=732,385,571 (+2,900,375/s) probeC=506,123,785 (+2,181,879/s) link=31,858 (+137/s) decoys=87,147,988 | gc=658 collections / 32401ms
[ 222s] probeA=745,668,132 (+2,635,540/s) probeC=516,046,534 (+1,968,882/s) link=32,283 (+84/s) decoys=88,868,175 | gc=670 collections / 33104ms
[ 227s] probeA=754,414,198 (+1,748,053/s) probeC=522,025,129 (+1,194,926/s) link=32,628 (+69/s) decoys=89,993,179 | gc=676 collections / 33856ms
[ 232s] probeA=765,455,421 (+2,199,805/s) probeC=532,122,398 (+2,011,736/s) link=32,899 (+54/s) decoys=91,691,389 | gc=688 collections / 34813ms
[ 237s] probeA=775,904,855 (+2,087,269/s) probeC=541,043,278 (+1,781,941/s) link=33,104 (+41/s) decoys=92,809,238 | gc=704 collections / 35923ms
[ 242s] probeA=783,133,922 (+1,428,201/s) probeC=547,344,277 (+1,244,848/s) link=33,450 (+68/s) decoys=93,935,030 | gc=711 collections / 36861ms
[ 247s] probeA=787,274,584 (+819,347/s) probeC=550,792,640 (+682,356/s) link=33,670 (+44/s) decoys=94,433,293 | gc=717 collections / 37727ms
[ 252s] probeA=797,532,662 (+2,004,053/s) probeC=558,852,079 (+1,574,519/s) link=33,949 (+55/s) decoys=96,164,461 | gc=729 collections / 38649ms
[ 257s] probeA=812,116,426 (+2,910,354/s) probeC=569,888,060 (+2,202,354/s) link=34,589 (+128/s) decoys=97,658,884 | gc=745 collections / 39389ms
[ 262s] probeA=827,333,502 (+3,016,842/s) probeC=579,914,714 (+1,987,821/s) link=35,472 (+175/s) decoys=99,877,931 | gc=762 collections / 40178ms
[ 267s] probeA=844,258,330 (+3,383,946/s) probeC=591,963,948 (+2,409,121/s) link=36,080 (+122/s) decoys=101,709,600 | gc=775 collections / 40876ms
[ 272s] probeA=859,677,814 (+3,078,325/s) probeC=602,848,388 (+2,172,955/s) link=36,670 (+118/s) decoys=104,039,871 | gc=787 collections / 41633ms
[ 277s] probeA=877,345,538 (+3,526,121/s) probeC=614,771,181 (+2,379,549/s) link=37,092 (+84/s) decoys=105,309,839 | gc=804 collections / 42667ms
[ 282s] probeA=894,111,183 (+3,348,392/s) probeC=626,485,134 (+2,339,481/s) link=38,238 (+229/s) decoys=107,247,198 | gc=825 collections / 43427ms
[ 287s] probeA=915,006,928 (+4,175,933/s) probeC=641,012,952 (+2,903,328/s) link=38,917 (+136/s) decoys=109,833,872 | gc=841 collections / 44343ms
[ 292s] probeA=934,559,457 (+3,869,124/s) probeC=655,055,707 (+2,778,830/s) link=39,995 (+213/s) decoys=112,216,756 | gc=858 collections / 45152ms
[ 297s] probeA=954,688,618 (+3,957,329/s) probeC=669,111,200 (+2,763,265/s) link=40,590 (+117/s) decoys=113,844,898 | gc=876 collections / 46063ms

No violation after 300.0s (probeA=966,466,095 probeB=120,808,274 probeC=676,060,319 link=40,959 decoys=114,776,103). Invariant held.
---- g1/contention/space512/24t done (rc=0) ----
######## g1/youngsmall/space4k : -Xmx1g -Xms1g -XX:CompressedClassSpaceSize=512m -XX:MaxMetaspaceSize=1g -XX:+UseG1GC -XX:+UnlockExperimentalVMOptions -XX:G1NewSizePercent=5 -XX:G1MaxNewSizePercent=10 -XX:+ClassUnloadingWithConcurrentMark -Dmt.durationSec=240 -Dmt.threads=20 -Dmt.probeCThreads=20 -Dmt.probeCSpace=4096 -Dmt.sysgcMs=1 ########
MethodType intern stress: G1 Young Generation+G1 Old Generation | 17.0.19+10-LTS
threads=20 decoy=10 pinned=1024 duration=240s probeB=true gcThread=true sysgcMs=1
[   5s] probeA=4,292,921 (+850,398/s) probeC=1,251,239 (+247,862/s) link=299 (+59/s) decoys=818,015 | gc=60 collections / 1482ms
[  11s] probeA=18,905,691 (+2,667,186/s) probeC=3,550,069 (+419,592/s) link=658 (+66/s) decoys=2,025,618 | gc=137 collections / 3957ms
[  16s] probeA=26,818,718 (+1,579,687/s) probeC=5,222,155 (+333,801/s) link=1,043 (+77/s) decoys=3,158,792 | gc=214 collections / 6791ms
[  21s] probeA=34,324,660 (+1,492,792/s) probeC=5,896,217 (+134,058/s) link=1,462 (+83/s) decoys=3,623,045 | gc=268 collections / 10144ms
[  26s] probeA=42,299,474 (+1,592,096/s) probeC=7,363,392 (+292,908/s) link=2,243 (+156/s) decoys=4,677,081 | gc=349 collections / 13116ms
[  31s] probeA=52,120,532 (+1,940,641/s) probeC=8,848,129 (+293,384/s) link=2,769 (+104/s) decoys=5,416,302 | gc=420 collections / 16121ms
[  36s] probeA=59,152,072 (+1,386,655/s) probeC=9,842,119 (+196,020/s) link=3,381 (+121/s) decoys=5,954,821 | gc=471 collections / 19424ms
[  41s] probeA=66,976,131 (+1,562,336/s) probeC=11,005,295 (+232,267/s) link=3,833 (+90/s) decoys=6,554,130 | gc=532 collections / 22641ms
[  46s] probeA=75,053,373 (+1,594,484/s) probeC=11,981,924 (+192,791/s) link=4,403 (+113/s) decoys=7,032,824 | gc=591 collections / 26088ms
[  51s] probeA=81,737,060 (+1,243,904/s) probeC=12,314,680 (+61,929/s) link=4,746 (+64/s) decoys=7,259,145 | gc=650 collections / 30006ms
[  57s] probeA=89,832,484 (+1,555,438/s) probeC=13,116,698 (+154,098/s) link=5,277 (+102/s) decoys=7,777,182 | gc=700 collections / 33324ms
[  62s] probeA=94,795,056 (+980,917/s) probeC=13,603,788 (+96,280/s) link=5,638 (+71/s) decoys=7,994,714 | gc=756 collections / 37095ms
[  67s] probeA=102,883,551 (+1,588,041/s) probeC=14,332,187 (+143,009/s) link=6,163 (+103/s) decoys=8,387,712 | gc=815 collections / 40644ms
[  72s] probeA=108,033,942 (+998,916/s) probeC=14,732,025 (+77,548/s) link=6,493 (+64/s) decoys=8,713,144 | gc=870 collections / 44384ms
[  77s] probeA=114,506,390 (+1,293,356/s) probeC=15,491,843 (+151,831/s) link=7,115 (+124/s) decoys=9,181,599 | gc=927 collections / 47772ms
[  82s] probeA=121,697,824 (+1,431,279/s) probeC=16,499,340 (+200,518/s) link=7,638 (+104/s) decoys=9,746,929 | gc=986 collections / 51228ms
[  87s] probeA=129,304,363 (+1,455,614/s) probeC=17,167,947 (+127,947/s) link=8,076 (+84/s) decoys=10,221,109 | gc=1031 collections / 54907ms
[  93s] probeA=135,827,111 (+1,239,702/s) probeC=17,685,772 (+98,417/s) link=8,543 (+89/s) decoys=10,571,633 | gc=1075 collections / 58696ms
[  98s] probeA=141,872,126 (+1,169,245/s) probeC=18,046,744 (+69,820/s) link=8,797 (+49/s) decoys=10,840,031 | gc=1123 collections / 62763ms
[ 103s] probeA=148,979,803 (+1,311,618/s) probeC=18,515,502 (+86,502/s) link=9,180 (+71/s) decoys=11,206,544 | gc=1174 collections / 66376ms
[ 108s] probeA=154,914,562 (+1,177,863/s) probeC=19,086,795 (+113,384/s) link=9,449 (+53/s) decoys=11,520,105 | gc=1229 collections / 70152ms
[ 113s] probeA=160,726,178 (+1,121,806/s) probeC=19,669,180 (+112,417/s) link=9,932 (+93/s) decoys=11,823,502 | gc=1282 collections / 73722ms
[ 118s] probeA=166,560,666 (+1,156,023/s) probeC=20,101,020 (+85,563/s) link=10,265 (+66/s) decoys=12,237,405 | gc=1339 collections / 77396ms
[ 123s] probeA=172,938,474 (+1,263,746/s) probeC=20,666,990 (+112,145/s) link=11,140 (+173/s) decoys=12,729,499 | gc=1391 collections / 80906ms
[ 128s] probeA=179,923,621 (+1,394,811/s) probeC=21,263,086 (+119,030/s) link=11,610 (+94/s) decoys=13,021,905 | gc=1450 collections / 84422ms
[ 133s] probeA=188,931,224 (+1,790,420/s) probeC=22,648,943 (+275,463/s) link=12,211 (+119/s) decoys=13,869,052 | gc=1513 collections / 87477ms
[ 138s] probeA=192,951,623 (+797,886/s) probeC=23,025,616 (+74,754/s) link=12,538 (+65/s) decoys=14,167,412 | gc=1554 collections / 91445ms
[ 144s] probeA=200,533,768 (+1,508,007/s) probeC=23,466,390 (+87,665/s) link=12,871 (+66/s) decoys=14,486,310 | gc=1591 collections / 95136ms
[ 149s] probeA=204,899,518 (+814,383/s) probeC=23,712,199 (+45,853/s) link=13,152 (+52/s) decoys=14,628,075 | gc=1633 collections / 99305ms
[ 154s] probeA=209,541,585 (+923,152/s) probeC=24,230,806 (+103,134/s) link=13,485 (+66/s) decoys=14,893,422 | gc=1697 collections / 103036ms
[ 159s] probeA=219,078,115 (+1,898,950/s) probeC=25,781,856 (+308,851/s) link=14,386 (+179/s) decoys=15,669,711 | gc=1772 collections / 106136ms
[ 164s] probeA=228,080,814 (+1,768,065/s) probeC=26,961,730 (+231,719/s) link=14,840 (+89/s) decoys=16,293,314 | gc=1824 collections / 109417ms
[ 169s] probeA=237,511,744 (+1,835,832/s) probeC=27,802,646 (+163,693/s) link=15,568 (+142/s) decoys=16,767,325 | gc=1866 collections / 112720ms
[ 174s] probeA=241,064,681 (+702,977/s) probeC=28,123,061 (+63,397/s) link=15,829 (+52/s) decoys=16,915,073 | gc=1920 collections / 116784ms
[ 179s] probeA=248,408,498 (+1,443,122/s) probeC=28,767,784 (+126,694/s) link=16,258 (+84/s) decoys=17,307,939 | gc=1971 collections / 120254ms
[ 184s] probeA=254,185,959 (+1,144,025/s) probeC=29,203,196 (+86,218/s) link=16,724 (+92/s) decoys=17,626,811 | gc=2023 collections / 124032ms
[ 190s] probeA=261,282,682 (+1,375,913/s) probeC=30,221,315 (+197,393/s) link=17,207 (+94/s) decoys=18,305,761 | gc=2095 collections / 127258ms
[ 195s] probeA=272,374,500 (+2,208,947/s) probeC=31,132,886 (+181,540/s) link=17,782 (+115/s) decoys=18,866,983 | gc=2141 collections / 130408ms
[ 200s] probeA=276,530,244 (+820,310/s) probeC=31,428,646 (+58,381/s) link=18,168 (+76/s) decoys=19,087,763 | gc=2187 collections / 134525ms
[ 205s] probeA=282,492,941 (+1,143,401/s) probeC=31,903,517 (+91,061/s) link=18,588 (+81/s) decoys=19,409,530 | gc=2237 collections / 138247ms
[ 210s] probeA=287,752,850 (+1,046,463/s) probeC=32,266,949 (+72,305/s) link=19,025 (+87/s) decoys=19,651,754 | gc=2300 collections / 142010ms
[ 215s] probeA=295,113,901 (+1,462,681/s) probeC=33,240,492 (+193,448/s) link=19,644 (+123/s) decoys=20,307,594 | gc=2370 collections / 145313ms
[ 220s] probeA=303,558,914 (+1,665,862/s) probeC=34,083,725 (+166,336/s) link=20,204 (+110/s) decoys=20,722,189 | gc=2428 collections / 148691ms
[ 225s] probeA=309,861,722 (+1,259,323/s) probeC=34,541,797 (+91,524/s) link=20,567 (+73/s) decoys=20,998,538 | gc=2483 collections / 152342ms
[ 230s] probeA=316,943,964 (+1,402,818/s) probeC=35,224,542 (+135,235/s) link=21,042 (+94/s) decoys=21,479,984 | gc=2539 collections / 155788ms
[ 235s] probeA=321,194,004 (+849,823/s) probeC=35,701,844 (+95,440/s) link=21,225 (+37/s) decoys=21,650,977 | gc=2578 collections / 159269ms
[ 240s] probeA=327,950,505 (+1,349,706/s) probeC=36,248,203 (+109,143/s) link=21,694 (+94/s) decoys=22,026,818 | gc=2634 collections / 162761ms

No violation after 240.0s (probeA=328,117,133 probeB=41,014,651 probeC=36,255,969 link=21,705 decoys=22,031,462). Invariant held.
---- g1/youngsmall/space4k done (rc=0) ----
######## zgc/space16k : -Xmx1g -Xms1g -XX:CompressedClassSpaceSize=512m -XX:MaxMetaspaceSize=1g -XX:+UseZGC -Dmt.durationSec=180 -Dmt.threads=16 -Dmt.probeCThreads=16 -Dmt.probeCSpace=16384 ########
MethodType intern stress: ZGC Cycles+ZGC Pauses | 17.0.19+10-LTS
threads=16 decoy=8 pinned=1024 duration=180s probeB=true gcThread=true sysgcMs=0
[   5s] probeA=2,700,241 (+539,308/s) probeC=1,579,159 (+315,399/s) link=914 (+183/s) decoys=1,189,470 | gc=13 collections / 4191ms
[  10s] probeA=12,549,632 (+1,938,098/s) probeC=7,553,664 (+1,175,623/s) link=2,270 (+267/s) decoys=3,748,100 | gc=45 collections / 9511ms
[  15s] probeA=32,346,497 (+3,942,181/s) probeC=14,524,895 (+1,388,192/s) link=3,957 (+336/s) decoys=6,736,226 | gc=90 collections / 13929ms
[  20s] probeA=50,425,158 (+3,563,143/s) probeC=21,824,244 (+1,438,637/s) link=5,594 (+323/s) decoys=9,297,555 | gc=147 collections / 18348ms
[  25s] probeA=67,747,977 (+3,451,174/s) probeC=29,063,269 (+1,442,210/s) link=6,892 (+259/s) decoys=12,462,188 | gc=197 collections / 23147ms
[  30s] probeA=84,501,648 (+3,328,413/s) probeC=36,210,935 (+1,420,010/s) link=8,370 (+294/s) decoys=15,800,844 | gc=245 collections / 27761ms
[  35s] probeA=99,996,541 (+3,091,890/s) probeC=43,732,699 (+1,500,912/s) link=10,101 (+345/s) decoys=18,468,466 | gc=293 collections / 32195ms
[  40s] probeA=117,064,969 (+3,409,532/s) probeC=50,604,845 (+1,372,757/s) link=11,531 (+286/s) decoys=21,165,065 | gc=339 collections / 36747ms
[  45s] probeA=132,581,793 (+3,099,162/s) probeC=56,378,892 (+1,153,245/s) link=12,769 (+247/s) decoys=23,214,693 | gc=408 collections / 41443ms
[  50s] probeA=151,212,814 (+3,720,440/s) probeC=64,276,547 (+1,577,088/s) link=14,739 (+393/s) decoys=25,754,767 | gc=461 collections / 45779ms
[  55s] probeA=167,219,273 (+3,186,355/s) probeC=70,532,332 (+1,245,319/s) link=16,778 (+406/s) decoys=28,087,751 | gc=505 collections / 49978ms
[  60s] probeA=182,645,452 (+3,083,811/s) probeC=76,256,143 (+1,144,233/s) link=18,214 (+287/s) decoys=30,896,161 | gc=550 collections / 55251ms
[  66s] probeA=200,229,535 (+3,455,486/s) probeC=84,787,785 (+1,676,571/s) link=20,236 (+397/s) decoys=33,449,693 | gc=603 collections / 59531ms
[  71s] probeA=216,811,107 (+3,309,114/s) probeC=91,911,475 (+1,421,644/s) link=21,947 (+341/s) decoys=35,712,094 | gc=658 collections / 64671ms
[  76s] probeA=234,207,244 (+3,429,082/s) probeC=98,318,257 (+1,262,889/s) link=23,736 (+353/s) decoys=38,420,435 | gc=709 collections / 69409ms
[  81s] probeA=251,313,742 (+3,415,809/s) probeC=105,711,496 (+1,476,275/s) link=25,909 (+434/s) decoys=41,337,804 | gc=755 collections / 74023ms
[  86s] probeA=269,850,037 (+3,683,737/s) probeC=113,748,541 (+1,597,210/s) link=27,701 (+356/s) decoys=44,096,599 | gc=807 collections / 78316ms
[  91s] probeA=285,687,401 (+3,166,126/s) probeC=119,199,004 (+1,089,629/s) link=29,348 (+329/s) decoys=46,698,059 | gc=858 collections / 83171ms
[  96s] probeA=303,724,536 (+3,591,668/s) probeC=125,768,438 (+1,308,147/s) link=31,025 (+334/s) decoys=48,973,758 | gc=905 collections / 87634ms
[ 101s] probeA=320,310,413 (+3,293,450/s) probeC=133,113,796 (+1,458,564/s) link=32,935 (+379/s) decoys=51,543,229 | gc=951 collections / 91842ms
[ 106s] probeA=337,767,841 (+3,490,133/s) probeC=140,132,348 (+1,403,167/s) link=34,436 (+300/s) decoys=54,598,009 | gc=994 collections / 96784ms
[ 111s] probeA=354,589,367 (+3,284,894/s) probeC=146,774,168 (+1,297,009/s) link=36,211 (+347/s) decoys=57,160,632 | gc=1038 collections / 101040ms
[ 116s] probeA=371,653,995 (+3,382,195/s) probeC=153,670,826 (+1,366,912/s) link=38,198 (+394/s) decoys=59,469,510 | gc=1091 collections / 105919ms
[ 121s] probeA=386,777,792 (+2,939,331/s) probeC=160,173,524 (+1,263,809/s) link=39,892 (+329/s) decoys=61,665,554 | gc=1139 collections / 110830ms
[ 126s] probeA=404,004,942 (+3,411,771/s) probeC=166,101,902 (+1,174,092/s) link=41,417 (+302/s) decoys=63,913,947 | gc=1187 collections / 115221ms
[ 131s] probeA=419,633,746 (+3,122,753/s) probeC=171,841,835 (+1,146,882/s) link=42,834 (+283/s) decoys=66,218,915 | gc=1235 collections / 119893ms
[ 136s] probeA=435,772,275 (+3,183,173/s) probeC=178,363,078 (+1,286,254/s) link=44,297 (+289/s) decoys=68,574,048 | gc=1277 collections / 124422ms
[ 141s] probeA=451,741,542 (+3,187,448/s) probeC=185,348,319 (+1,394,247/s) link=45,887 (+317/s) decoys=70,921,130 | gc=1319 collections / 128804ms
[ 146s] probeA=468,311,033 (+3,300,201/s) probeC=190,554,694 (+1,036,971/s) link=47,380 (+297/s) decoys=72,850,278 | gc=1362 collections / 133713ms
[ 151s] probeA=482,803,514 (+2,889,922/s) probeC=196,870,153 (+1,259,355/s) link=49,080 (+339/s) decoys=75,489,207 | gc=1419 collections / 138239ms
[ 156s] probeA=498,712,348 (+3,122,698/s) probeC=203,821,460 (+1,364,451/s) link=50,882 (+354/s) decoys=77,631,174 | gc=1457 collections / 142970ms
[ 161s] probeA=514,098,866 (+3,044,388/s) probeC=210,152,376 (+1,252,640/s) link=52,450 (+310/s) decoys=79,762,828 | gc=1505 collections / 147624ms
[ 166s] probeA=531,493,518 (+3,453,136/s) probeC=216,612,879 (+1,282,520/s) link=53,920 (+292/s) decoys=82,493,336 | gc=1557 collections / 152311ms
[ 171s] probeA=549,618,826 (+3,623,893/s) probeC=222,754,683 (+1,227,965/s) link=55,627 (+341/s) decoys=84,724,103 | gc=1602 collections / 156636ms
[ 176s] probeA=566,682,871 (+3,377,218/s) probeC=229,545,002 (+1,343,901/s) link=57,156 (+303/s) decoys=87,651,564 | gc=1657 collections / 161540ms

No violation after 180.0s (probeA=578,762,236 probeB=72,345,286 probeC=234,646,656 link=58,509 decoys=89,777,822). Invariant held.
---- zgc/space16k done (rc=0) ----
######## shenandoah/space16k : -Xmx1g -Xms1g -XX:CompressedClassSpaceSize=512m -XX:MaxMetaspaceSize=1g -XX:+UnlockExperimentalVMOptions -XX:+UseShenandoahGC -Dmt.durationSec=180 -Dmt.threads=16 -Dmt.probeCThreads=16 -Dmt.probeCSpace=16384 ########
MethodType intern stress: Shenandoah Pauses+Shenandoah Cycles | 17.0.19+10-LTS
threads=16 decoy=8 pinned=1024 duration=180s probeB=true gcThread=true sysgcMs=0
[   5s] probeA=3,168,900 (+631,617/s) probeC=1,388,453 (+276,743/s) link=620 (+124/s) decoys=1,216,080 | gc=8 collections / 2409ms
[  10s] probeA=6,106,946 (+563,256/s) probeC=2,619,072 (+235,923/s) link=1,096 (+91/s) decoys=2,159,874 | gc=17 collections / 7424ms
[  16s] probeA=8,880,427 (+539,756/s) probeC=3,815,218 (+232,786/s) link=1,814 (+140/s) decoys=3,147,089 | gc=26 collections / 10584ms
[  21s] probeA=16,199,668 (+1,423,672/s) probeC=5,051,839 (+240,536/s) link=2,853 (+202/s) decoys=4,169,643 | gc=45 collections / 18477ms
[  26s] probeA=30,578,380 (+2,862,638/s) probeC=9,377,799 (+861,250/s) link=4,174 (+263/s) decoys=7,850,035 | gc=82 collections / 25283ms
[  31s] probeA=47,596,908 (+3,386,092/s) probeC=17,310,155 (+1,578,261/s) link=5,965 (+356/s) decoys=12,124,380 | gc=117 collections / 30661ms
[  36s] probeA=63,649,920 (+3,193,425/s) probeC=25,358,441 (+1,601,045/s) link=7,702 (+346/s) decoys=16,273,146 | gc=156 collections / 36040ms
[  41s] probeA=79,098,637 (+3,070,734/s) probeC=33,079,956 (+1,534,802/s) link=9,851 (+427/s) decoys=20,361,996 | gc=197 collections / 41154ms
[  46s] probeA=94,584,066 (+3,072,906/s) probeC=41,610,810 (+1,692,850/s) link=11,587 (+344/s) decoys=24,744,148 | gc=237 collections / 47199ms
[  51s] probeA=111,729,291 (+3,370,529/s) probeC=50,657,419 (+1,778,446/s) link=13,317 (+340/s) decoys=29,605,684 | gc=267 collections / 52688ms
[  56s] probeA=127,017,513 (+2,998,107/s) probeC=57,578,824 (+1,357,327/s) link=14,960 (+322/s) decoys=33,347,942 | gc=297 collections / 57474ms
[  61s] probeA=142,498,130 (+3,059,597/s) probeC=64,966,341 (+1,460,073/s) link=17,126 (+428/s) decoys=37,825,875 | gc=326 collections / 63903ms
[  66s] probeA=158,909,220 (+3,277,199/s) probeC=72,923,272 (+1,588,953/s) link=19,458 (+466/s) decoys=42,065,700 | gc=366 collections / 69053ms
[  71s] probeA=175,365,142 (+3,250,637/s) probeC=80,786,187 (+1,553,209/s) link=21,626 (+428/s) decoys=46,609,256 | gc=407 collections / 74441ms
[  76s] probeA=193,112,690 (+3,539,353/s) probeC=88,127,975 (+1,464,156/s) link=24,010 (+475/s) decoys=50,747,268 | gc=447 collections / 80250ms
[  81s] probeA=211,022,892 (+3,447,896/s) probeC=96,139,832 (+1,542,364/s) link=26,358 (+452/s) decoys=55,203,319 | gc=488 collections / 85433ms
[  86s] probeA=223,183,724 (+2,428,713/s) probeC=102,466,304 (+1,263,498/s) link=28,091 (+346/s) decoys=58,998,142 | gc=519 collections / 91834ms
[  92s] probeA=236,886,263 (+2,598,037/s) probeC=109,230,659 (+1,282,539/s) link=29,836 (+331/s) decoys=63,371,718 | gc=549 collections / 96372ms
[  97s] probeA=252,954,963 (+3,169,349/s) probeC=116,514,224 (+1,436,591/s) link=32,054 (+437/s) decoys=67,774,839 | gc=586 collections / 101657ms
[ 102s] probeA=270,569,243 (+3,477,904/s) probeC=124,516,379 (+1,580,010/s) link=34,130 (+410/s) decoys=72,284,922 | gc=639 collections / 107840ms
[ 107s] probeA=288,154,105 (+3,506,960/s) probeC=132,518,188 (+1,595,806/s) link=36,355 (+444/s) decoys=76,817,780 | gc=673 collections / 113289ms
[ 112s] probeA=304,975,149 (+3,334,649/s) probeC=140,565,865 (+1,595,393/s) link=38,105 (+347/s) decoys=81,392,888 | gc=711 collections / 118589ms
[ 117s] probeA=321,045,105 (+3,175,487/s) probeC=147,724,884 (+1,414,650/s) link=40,489 (+471/s) decoys=85,727,727 | gc=758 collections / 124414ms
[ 122s] probeA=336,010,202 (+2,984,117/s) probeC=155,341,653 (+1,518,823/s) link=42,709 (+443/s) decoys=90,306,342 | gc=796 collections / 129500ms
[ 127s] probeA=352,141,009 (+3,215,230/s) probeC=163,013,672 (+1,529,205/s) link=44,647 (+386/s) decoys=95,127,469 | gc=839 collections / 135013ms
[ 132s] probeA=362,910,314 (+2,120,859/s) probeC=168,245,402 (+1,030,314/s) link=45,980 (+263/s) decoys=98,113,544 | gc=869 collections / 138298ms
[ 137s] probeA=369,741,851 (+1,279,984/s) probeC=171,960,621 (+696,098/s) link=46,608 (+118/s) decoys=100,009,429 | gc=886 collections / 146056ms
[ 142s] probeA=379,210,028 (+1,891,331/s) probeC=176,927,926 (+992,252/s) link=47,665 (+211/s) decoys=102,778,153 | gc=915 collections / 151813ms
[ 147s] probeA=393,757,725 (+2,901,999/s) probeC=184,096,675 (+1,430,034/s) link=50,082 (+482/s) decoys=106,620,911 | gc=949 collections / 157300ms
[ 152s] probeA=403,353,381 (+1,886,322/s) probeC=188,724,289 (+909,700/s) link=50,926 (+166/s) decoys=108,896,433 | gc=963 collections / 159285ms
[ 158s] probeA=408,176,082 (+938,787/s) probeC=190,722,689 (+389,009/s) link=51,231 (+59/s) decoys=109,886,185 | gc=973 collections / 165346ms
[ 163s] probeA=422,010,947 (+2,727,263/s) probeC=196,841,430 (+1,206,186/s) link=52,590 (+268/s) decoys=113,535,612 | gc=1007 collections / 173587ms
[ 168s] probeA=438,984,518 (+3,374,696/s) probeC=204,270,088 (+1,476,970/s) link=54,975 (+474/s) decoys=117,831,610 | gc=1044 collections / 178984ms
[ 173s] probeA=456,222,458 (+3,403,460/s) probeC=211,605,343 (+1,448,273/s) link=57,212 (+442/s) decoys=122,128,832 | gc=1094 collections / 185062ms
[ 178s] probeA=471,543,585 (+3,023,535/s) probeC=219,309,568 (+1,520,384/s) link=59,278 (+408/s) decoys=127,113,779 | gc=1116 collections / 190195ms

No violation after 180.0s (probeA=479,542,044 probeB=59,942,764 probeC=223,416,283 link=60,289 decoys=129,288,172). Invariant held.
---- shenandoah/space16k done (rc=0) ----
######## launch storm: G1, 100 short JVMs (warmup-time first-linkage) ########
  launch storm: 20/100
  launch storm: 40/100
  launch storm: 60/100
  launch storm: 80/100
  launch storm: 100/100
######## JDK17 HUNT COMPLETE: no violation reproduced ########
JDK17_HUNT_EXIT=0
