  openjdk version "21.0.11" 2026-04-21 LTS
  OpenJDK Runtime Environment (Red_Hat-21.0.11.0.10-1) (build 21.0.11+10-LTS)
  OpenJDK 64-Bit Server VM (Red_Hat-21.0.11.0.10-1) (build 21.0.11+10-LTS, mixed mode, sharing)
######## xint-control : -Xint -Djit.durationSec=60 -Djit.threads=4 ########
JIT invokeExact stress: OpenJDK 64-Bit Server VM | 21.0.11+10-LTS
threads=4 duration=60s rebuildEvery=262144
[   5s] invokeExact=7,511,830 (+1,502,054/s)
[  10s] invokeExact=16,040,781 (+1,704,453/s)
[  15s] invokeExact=24,516,545 (+1,694,817/s)
[  20s] invokeExact=32,703,507 (+1,636,231/s)
[  25s] invokeExact=41,253,946 (+1,709,251/s)
[  30s] invokeExact=48,839,474 (+1,516,809/s)
[  35s] invokeExact=56,561,494 (+1,544,084/s)
[  40s] invokeExact=64,648,587 (+1,616,607/s)
[  45s] invokeExact=72,674,616 (+1,604,406/s)
[  50s] invokeExact=81,225,831 (+1,709,900/s)
[  55s] invokeExact=89,837,164 (+1,721,922/s)
[  60s] invokeExact=97,805,589 (+1,593,033/s)

No violation after 60s (97,819,117 invokeExact calls). Held.
---- xint-control done (rc=0) ----
######## c2-stress+rebuild : -XX:+UnlockDiagnosticVMOptions -XX:+StressLCM -XX:+StressGCM -XX:+StressIGVN -Djit.durationSec=180 -Djit.threads=8 -Djit.rebuildShift=14 ########
JIT invokeExact stress: OpenJDK 64-Bit Server VM | 21.0.11+10-LTS
threads=8 duration=180s rebuildEvery=16384
[   5s] invokeExact=20,442,413 (+4,088,392/s)
[  10s] invokeExact=44,054,603 (+4,713,491/s)
[  15s] invokeExact=71,091,305 (+5,405,668/s)
[  20s] invokeExact=99,370,930 (+5,654,901/s)
[  25s] invokeExact=123,301,751 (+4,777,464/s)
[  30s] invokeExact=147,112,283 (+4,759,140/s)
[  35s] invokeExact=173,985,187 (+5,373,340/s)
[  40s] invokeExact=201,763,758 (+5,550,434/s)
[  45s] invokeExact=218,490,376 (+3,344,804/s)
[  50s] invokeExact=238,592,873 (+4,016,697/s)
[  55s] invokeExact=262,555,802 (+4,791,517/s)
[  60s] invokeExact=288,994,008 (+5,285,606/s)
[  65s] invokeExact=306,644,969 (+3,527,046/s)
[  70s] invokeExact=325,831,560 (+3,831,963/s)
[  75s] invokeExact=350,358,610 (+4,901,186/s)
[  80s] invokeExact=376,353,815 (+5,192,810/s)
[  85s] invokeExact=396,313,888 (+3,990,676/s)
[  90s] invokeExact=415,240,482 (+3,777,238/s)
[  95s] invokeExact=436,749,950 (+4,296,087/s)
[ 100s] invokeExact=460,615,283 (+4,771,345/s)
[ 105s] invokeExact=481,316,963 (+4,138,073/s)
[ 110s] invokeExact=498,737,277 (+3,483,407/s)
[ 115s] invokeExact=520,689,929 (+4,388,651/s)
[ 120s] invokeExact=544,212,457 (+4,703,056/s)
[ 125s] invokeExact=566,823,363 (+4,520,837/s)
[ 130s] invokeExact=583,664,814 (+3,366,978/s)
[ 135s] invokeExact=600,267,382 (+3,303,205/s)
[ 140s] invokeExact=624,581,925 (+4,858,853/s)
[ 145s] invokeExact=648,683,477 (+4,819,654/s)
[ 150s] invokeExact=664,625,518 (+3,185,694/s)
[ 155s] invokeExact=682,027,398 (+3,479,825/s)
[ 160s] invokeExact=701,794,526 (+3,948,395/s)
[ 165s] invokeExact=727,265,143 (+5,092,681/s)
[ 170s] invokeExact=745,601,150 (+3,664,204/s)
[ 175s] invokeExact=763,513,189 (+3,580,753/s)

No violation after 180s (781,315,477 invokeExact calls). Held.
---- c2-stress+rebuild done (rc=0) ----
######## c2only+rebuild : -XX:-TieredCompilation -Djit.durationSec=180 -Djit.threads=8 -Djit.rebuildShift=12 ########
JIT invokeExact stress: OpenJDK 64-Bit Server VM | 21.0.11+10-LTS
threads=8 duration=180s rebuildEvery=4096
[   5s] invokeExact=12,856,575 (+2,571,260/s)
[  10s] invokeExact=29,557,890 (+3,335,449/s)
[  15s] invokeExact=45,814,749 (+3,249,855/s)
[  20s] invokeExact=61,450,524 (+3,124,867/s)
[  25s] invokeExact=77,342,496 (+3,176,206/s)
[  30s] invokeExact=93,026,422 (+3,134,275/s)
[  35s] invokeExact=107,767,601 (+2,947,739/s)
[  40s] invokeExact=124,181,495 (+3,280,687/s)
[  45s] invokeExact=140,491,474 (+3,261,163/s)
[  50s] invokeExact=157,342,343 (+3,369,490/s)
[  55s] invokeExact=172,618,115 (+3,052,913/s)
[  60s] invokeExact=188,090,386 (+3,092,948/s)
[  65s] invokeExact=204,962,947 (+3,369,418/s)
[  70s] invokeExact=221,412,647 (+3,289,399/s)
[  75s] invokeExact=237,912,948 (+3,299,474/s)
[  80s] invokeExact=252,574,828 (+2,931,593/s)
[  85s] invokeExact=268,933,818 (+3,266,595/s)
[  90s] invokeExact=285,523,360 (+3,316,743/s)
[  95s] invokeExact=302,165,943 (+3,327,843/s)
[ 100s] invokeExact=316,576,050 (+2,881,069/s)
[ 105s] invokeExact=332,106,852 (+3,102,673/s)
[ 110s] invokeExact=346,569,383 (+2,892,037/s)
[ 115s] invokeExact=362,077,448 (+3,049,823/s)
[ 120s] invokeExact=374,962,032 (+2,575,601/s)
[ 125s] invokeExact=389,368,354 (+2,879,003/s)
[ 130s] invokeExact=405,230,350 (+3,171,811/s)
[ 135s] invokeExact=421,869,854 (+3,325,339/s)
[ 140s] invokeExact=437,612,644 (+3,132,839/s)
[ 145s] invokeExact=450,924,713 (+2,661,054/s)
[ 150s] invokeExact=467,048,293 (+3,223,861/s)
[ 155s] invokeExact=481,450,856 (+2,879,912/s)
[ 160s] invokeExact=496,223,083 (+2,938,896/s)
[ 165s] invokeExact=508,131,974 (+2,378,666/s)
[ 170s] invokeExact=522,835,132 (+2,939,672/s)
[ 175s] invokeExact=537,453,245 (+2,921,876/s)

No violation after 180s (551,795,136 invokeExact calls). Held.
---- c2only+rebuild done (rc=0) ----
######## c2-stress-hot : -XX:+UnlockDiagnosticVMOptions -XX:+StressLCM -XX:+StressGCM -XX:+StressIGVN -Djit.durationSec=180 -Djit.threads=12 -Djit.rebuildShift=22 ########
JIT invokeExact stress: OpenJDK 64-Bit Server VM | 21.0.11+10-LTS
threads=12 duration=180s rebuildEvery=4194304
[   5s] invokeExact=107,422,586 (+21,483,075/s)
[  10s] invokeExact=211,413,327 (+20,781,617/s)
[  15s] invokeExact=304,183,268 (+18,531,683/s)
[  20s] invokeExact=411,711,158 (+21,458,478/s)
[  25s] invokeExact=519,742,383 (+21,567,388/s)
[  30s] invokeExact=631,855,661 (+22,413,683/s)
[  35s] invokeExact=741,578,998 (+21,941,269/s)
[  40s] invokeExact=850,721,902 (+21,805,843/s)
[  45s] invokeExact=964,502,613 (+22,752,061/s)
[  50s] invokeExact=1,077,241,857 (+22,519,942/s)
[  55s] invokeExact=1,190,481,644 (+22,616,704/s)
[  60s] invokeExact=1,300,045,726 (+21,904,030/s)
[  65s] invokeExact=1,420,690,330 (+24,124,644/s)
[  70s] invokeExact=1,542,752,975 (+24,377,880/s)
[  75s] invokeExact=1,665,291,253 (+24,503,867/s)
[  80s] invokeExact=1,782,645,390 (+23,450,898/s)
[  85s] invokeExact=1,901,307,469 (+23,706,469/s)
[  90s] invokeExact=2,015,231,818 (+22,781,071/s)
[  95s] invokeExact=2,129,575,412 (+22,833,669/s)
[ 100s] invokeExact=2,241,565,118 (+22,388,998/s)
[ 105s] invokeExact=2,355,832,380 (+22,839,859/s)
[ 110s] invokeExact=2,469,188,459 (+22,663,239/s)
[ 115s] invokeExact=2,575,309,854 (+21,154,693/s)
[ 120s] invokeExact=2,677,302,570 (+20,370,647/s)
[ 125s] invokeExact=2,790,806,730 (+22,692,530/s)
[ 130s] invokeExact=2,902,701,380 (+22,348,066/s)
[ 135s] invokeExact=3,017,850,416 (+23,020,031/s)
[ 140s] invokeExact=3,129,575,980 (+22,322,269/s)
[ 145s] invokeExact=3,279,233,174 (+29,916,020/s)
[ 150s] invokeExact=3,423,682,218 (+28,857,104/s)
[ 155s] invokeExact=3,562,537,819 (+27,739,104/s)
[ 160s] invokeExact=3,693,485,399 (+26,168,597/s)
[ 165s] invokeExact=3,837,674,911 (+28,820,802/s)
[ 170s] invokeExact=3,985,332,668 (+29,527,162/s)
[ 175s] invokeExact=4,138,939,617 (+30,666,270/s)

No violation after 180s (4,286,145,686 invokeExact calls). Held.
---- c2-stress-hot done (rc=0) ----
######## JIT PRODUCT HUNT COMPLETE: no violation, no VM abort ########
JIT_EXIT=0
